CUDA extension for cauchy multiplication not found. Install by going to extensions/cauchy/ and running `python setup.py install`. This should speed up end-to-end training by 10-50%
[KeOps] Compiling cuda jit compiler engine ... 
[KeOps] Warning : There were warnings or errors :
/usr/bin/ld: cannot find -lnvrtc: No such file or directory
collect2: error: ld returned 1 exit status

OK
[pyKeOps] Compiling nvrtc binder for python ... 
[KeOps] Warning : There were warnings or errors :
/usr/bin/ld: cannot find -lnvrtc: No such file or directory
collect2: error: ld returned 1 exit status

OK
CUDA extension for cauchy multiplication not found. Install by going to extensions/cauchy/ and running `python setup.py install`. This should speed up end-to-end training by 10-50%
2026/08/18 10:22:41 INFO mlflow.tracking.fluent: Experiment with name 'fm-benchmarking' does not exist. Creating a new experiment.
Using 16bit Automatic Mixed Precision (AMP)
GPU available: True (cuda), used: True
TPU available: False, using: 0 TPU cores
HPU available: False, using: 0 HPUs
You are using a CUDA device ('NVIDIA GeForce RTX 4080 SUPER') that has Tensor Cores. To properly utilize them, you should set `torch.set_float32_matmul_precision('medium' | 'high')` which will trade-off precision for performance. For more details, read https://pytorch.org/docs/stable/generated/torch.set_float32_matmul_precision.html#torch.set_float32_matmul_precision
/root/autodl-tmp/ECG/environments/hubert_ecg/lib/python3.13/site-packages/lightning/pytorch/callbacks/model_checkpoint.py:658: Checkpoint directory /root/autodl-tmp/ECG/formal_runs/hubert_ecg_ptbxl_all_table3_finetuning_linear_restart_epoch0_20260818T102216+0800/outputs/version_0 exists and is not empty.
LOCAL_RANK: 0 - CUDA_VISIBLE_DEVICES: [0]

  | Name  | Type             | Params | Mode 
---------------------------------------------------
0 | model | HubertEcgWrapper | 94.7 M | train
---------------------------------------------------
94.7 M    Trainable params
0         Non-trainable params
94.7 M    Total params
378.931   Total estimated model params size (MB)
227       Modules in train mode
0         Modules in eval mode
Namespace(data='/root/autodl-tmp/ECG/data/processed/ptb-xl/records500', epochs=100, batch_size=64, lr=0.001, weight_decay=0.001, resume='', pretrained='/root/autodl-tmp/ECG/checkpoints/hubert_ecg/hubert_ecg_base.safetensors', optimizer='adam', output_path='/root/autodl-tmp/ECG/formal_runs/hubert_ecg_ptbxl_all_table3_finetuning_linear_restart_epoch0_20260818T102216+0800/outputs', metadata='', gpus=1, num_nodes=1, precision='16-mixed', distributed_backend=None, accumulate=1, input_size=5.0, train_head_only=False, finetune=True, linear_eval=False, lr_schedule='const', lr_num_warmup_steps=1000, discriminative_lr_factor=0.1, lr_find=False, auto_batch_size=False, auc_maximization=False, refresh_rate=0, mlflow=False, mlflow_experiment_name='fm-benchmarking', mlflow_run_name='run', fs_model=100.0, fs_data=500.0, input_channels=12, architecture='hubert_ecg', s4_n=8, s4_h=512, s4_layers=4, s4_batchnorm=False, s4_prenorm=False, merl_backbone='resnet', modality='ecg', normalize=False, finetune_dataset='ptbxl_all', chunk_length_train=1.0, stride_fraction_train=1.0, stride_fraction_valtest=1.0, chunkify_train=False, segmentation=False, eval_only='', skip_test_after_fit=True, export_predictions=False, prediction_path='.', eval_mode='finetuning_linear', label_ratio=1, executable='main_lite_ecg', revision='')
Output directory: /root/autodl-tmp/ECG/formal_runs/hubert_ecg_ptbxl_all_table3_finetuning_linear_restart_epoch0_20260818T102216+0800/outputs/version_0
Folder: /root/autodl-tmp/ECG/data/processed/ptb-xl/records500 Samples: 21799

 /root/autodl-tmp/ECG/data/processed/ptb-xl/records500
train dataset: 17418 samples
val dataset: 4366 samples
test dataset: 4396 samples
Returning layer dependent learning rate from HubertEcgWrapper...
Epoch 0, global step 272: 'macro_auc_agg_val0' reached 0.81898 (best 0.81898), saving model to '/root/autodl-tmp/ECG/formal_runs/hubert_ecg_ptbxl_all_table3_finetuning_linear_restart_epoch0_20260818T102216+0800/outputs/version_0/best_model.ckpt' as top 1
epoch 0 val noagg: 0.8147425548365085
epoch 0 val agg: 0.8189781372165247
Epoch 1, global step 544: 'macro_auc_agg_val0' reached 0.88858 (best 0.88858), saving model to '/root/autodl-tmp/ECG/formal_runs/hubert_ecg_ptbxl_all_table3_finetuning_linear_restart_epoch0_20260818T102216+0800/outputs/version_0/best_model.ckpt' as top 1
epoch 1 val noagg: 0.8844357814195197
epoch 1 val agg: 0.8885833576604476
Epoch 2, global step 816: 'macro_auc_agg_val0' reached 0.91159 (best 0.91159), saving model to '/root/autodl-tmp/ECG/formal_runs/hubert_ecg_ptbxl_all_table3_finetuning_linear_restart_epoch0_20260818T102216+0800/outputs/version_0/best_model.ckpt' as top 1
epoch 2 val noagg: 0.9066904501149915
epoch 2 val agg: 0.9115884334815283
Epoch 3, global step 1088: 'macro_auc_agg_val0' reached 0.91727 (best 0.91727), saving model to '/root/autodl-tmp/ECG/formal_runs/hubert_ecg_ptbxl_all_table3_finetuning_linear_restart_epoch0_20260818T102216+0800/outputs/version_0/best_model.ckpt' as top 1
epoch 3 val noagg: 0.9116882423541641
epoch 3 val agg: 0.9172683010599383
Epoch 4, global step 1360: 'macro_auc_agg_val0' reached 0.92046 (best 0.92046), saving model to '/root/autodl-tmp/ECG/formal_runs/hubert_ecg_ptbxl_all_table3_finetuning_linear_restart_epoch0_20260818T102216+0800/outputs/version_0/best_model.ckpt' as top 1
epoch 4 val noagg: 0.9146976457190625
epoch 4 val agg: 0.9204647788689545
Epoch 5, global step 1632: 'macro_auc_agg_val0' reached 0.92518 (best 0.92518), saving model to '/root/autodl-tmp/ECG/formal_runs/hubert_ecg_ptbxl_all_table3_finetuning_linear_restart_epoch0_20260818T102216+0800/outputs/version_0/best_model.ckpt' as top 1
epoch 5 val noagg: 0.9199915638623573
epoch 5 val agg: 0.925184345399787
Epoch 6, global step 1904: 'macro_auc_agg_val0' was not in top 1
epoch 6 val noagg: 0.9182998432591809
epoch 6 val agg: 0.9240562507324346
Epoch 7, global step 2176: 'macro_auc_agg_val0' reached 0.92577 (best 0.92577), saving model to '/root/autodl-tmp/ECG/formal_runs/hubert_ecg_ptbxl_all_table3_finetuning_linear_restart_epoch0_20260818T102216+0800/outputs/version_0/best_model.ckpt' as top 1
epoch 7 val noagg: 0.9198413123225608
epoch 7 val agg: 0.9257730541150665
Epoch 8, global step 2448: 'macro_auc_agg_val0' reached 0.92582 (best 0.92582), saving model to '/root/autodl-tmp/ECG/formal_runs/hubert_ecg_ptbxl_all_table3_finetuning_linear_restart_epoch0_20260818T102216+0800/outputs/version_0/best_model.ckpt' as top 1
epoch 8 val noagg: 0.9199055749204976
epoch 8 val agg: 0.9258212340077246
Epoch 9, global step 2720: 'macro_auc_agg_val0' was not in top 1
epoch 9 val noagg: 0.9112841452919754
epoch 9 val agg: 0.9184436079689385
Epoch 10, global step 2992: 'macro_auc_agg_val0' was not in top 1
epoch 10 val noagg: 0.9128657477434313
epoch 10 val agg: 0.9193793934976403
Epoch 11, global step 3264: 'macro_auc_agg_val0' was not in top 1
epoch 11 val noagg: 0.9138286437106318
epoch 11 val agg: 0.9199223955158302
Epoch 12, global step 3536: 'macro_auc_agg_val0' was not in top 1
epoch 12 val noagg: 0.8997778963688602
epoch 12 val agg: 0.907042628013327
Epoch 13, global step 3808: 'macro_auc_agg_val0' was not in top 1
epoch 13 val noagg: 0.900994221602665
epoch 13 val agg: 0.9085618992732692
Epoch 14, global step 4080: 'macro_auc_agg_val0' was not in top 1
epoch 14 val noagg: 0.8983219977706298
epoch 14 val agg: 0.9054264983763954
Epoch 15, global step 4352: 'macro_auc_agg_val0' was not in top 1
epoch 15 val noagg: 0.899437327595248
epoch 15 val agg: 0.9066740674686379
Epoch 16, global step 4624: 'macro_auc_agg_val0' was not in top 1
epoch 16 val noagg: 0.8926097898469565
epoch 16 val agg: 0.8994754238001181
Epoch 17, global step 4896: 'macro_auc_agg_val0' was not in top 1
epoch 17 val noagg: 0.8875238394914171
epoch 17 val agg: 0.8946153814492024
Epoch 18, global step 5168: 'macro_auc_agg_val0' was not in top 1
epoch 18 val noagg: 0.8908561002473743
epoch 18 val agg: 0.8981533522386452
Epoch 19, global step 5440: 'macro_auc_agg_val0' was not in top 1
epoch 19 val noagg: 0.8906965817660092
epoch 19 val agg: 0.8978663955682517
Epoch 20, global step 5712: 'macro_auc_agg_val0' was not in top 1
epoch 20 val noagg: 0.8907095927483983
epoch 20 val agg: 0.8978685799452215
Epoch 21, global step 5984: 'macro_auc_agg_val0' was not in top 1
epoch 21 val noagg: 0.8845956878029442
epoch 21 val agg: 0.8919599902263141
Epoch 22, global step 6256: 'macro_auc_agg_val0' was not in top 1
epoch 22 val noagg: 0.8863865823317829
epoch 22 val agg: 0.89333568114477
Epoch 23, global step 6528: 'macro_auc_agg_val0' was not in top 1
epoch 23 val noagg: 0.8844571389620458
epoch 23 val agg: 0.8916935015786491
Epoch 24, global step 6800: 'macro_auc_agg_val0' was not in top 1
epoch 24 val noagg: 0.8825480249304174
epoch 24 val agg: 0.8900268491621839
Epoch 25, global step 7072: 'macro_auc_agg_val0' was not in top 1
epoch 25 val noagg: 0.8738654729543386
epoch 25 val agg: 0.8822101842376131
Epoch 26, global step 7344: 'macro_auc_agg_val0' was not in top 1
epoch 26 val noagg: 0.8790868093515186
epoch 26 val agg: 0.8883403909266511
Epoch 27, global step 7616: 'macro_auc_agg_val0' was not in top 1
epoch 27 val noagg: 0.8815331018879955
epoch 27 val agg: 0.8900872518212518
Epoch 28, global step 7888: 'macro_auc_agg_val0' was not in top 1
epoch 28 val noagg: 0.8768667314489388
epoch 28 val agg: 0.8851579543874663
Epoch 29, global step 8160: 'macro_auc_agg_val0' was not in top 1
epoch 29 val noagg: 0.8827344546293925
epoch 29 val agg: 0.8914361031950523
Epoch 30, global step 8432: 'macro_auc_agg_val0' was not in top 1
epoch 30 val noagg: 0.8772771615119606
epoch 30 val agg: 0.8856733887420115
Epoch 31, global step 8704: 'macro_auc_agg_val0' was not in top 1
epoch 31 val noagg: 0.8782386943022413
epoch 31 val agg: 0.8874276888352877
Epoch 32, global step 8976: 'macro_auc_agg_val0' was not in top 1
epoch 32 val noagg: 0.8730989429110233
epoch 32 val agg: 0.883707872901346
Epoch 33, global step 9248: 'macro_auc_agg_val0' was not in top 1
epoch 33 val noagg: 0.8798276254429196
epoch 33 val agg: 0.8898474115901117
Epoch 34, global step 9520: 'macro_auc_agg_val0' was not in top 1
epoch 34 val noagg: 0.8725455232321726
epoch 34 val agg: 0.8818227506106121
Epoch 35, global step 9792: 'macro_auc_agg_val0' was not in top 1
epoch 35 val noagg: 0.8749357064342617
epoch 35 val agg: 0.8835729154077367
Epoch 36, global step 10064: 'macro_auc_agg_val0' was not in top 1
epoch 36 val noagg: 0.870864475528208
epoch 36 val agg: 0.8809459358104614
Epoch 37, global step 10336: 'macro_auc_agg_val0' was not in top 1
epoch 37 val noagg: 0.8738182745291718
epoch 37 val agg: 0.882111421266192
Epoch 38, global step 10608: 'macro_auc_agg_val0' was not in top 1
epoch 38 val noagg: 0.8735774072083867
epoch 38 val agg: 0.8847326796019053
Epoch 39, global step 10880: 'macro_auc_agg_val0' was not in top 1
epoch 39 val noagg: 0.8726824105837185
epoch 39 val agg: 0.8831562091092413
Epoch 40, global step 11152: 'macro_auc_agg_val0' was not in top 1
epoch 40 val noagg: 0.8628280021792933
epoch 40 val agg: 0.8712115111862833
Epoch 41, global step 11424: 'macro_auc_agg_val0' was not in top 1
epoch 41 val noagg: 0.8691539328248025
epoch 41 val agg: 0.8779309199095607
Epoch 42, global step 11696: 'macro_auc_agg_val0' was not in top 1
epoch 42 val noagg: 0.8697883066382421
epoch 42 val agg: 0.879302223106381
Epoch 43, global step 11968: 'macro_auc_agg_val0' was not in top 1
epoch 43 val noagg: 0.8658241776128641
epoch 43 val agg: 0.8750011271422895
Epoch 44, global step 12240: 'macro_auc_agg_val0' was not in top 1
epoch 44 val noagg: 0.8648973237270938
epoch 44 val agg: 0.874479158203982
Epoch 45, global step 12512: 'macro_auc_agg_val0' was not in top 1
epoch 45 val noagg: 0.8638485780852614
epoch 45 val agg: 0.8722658141994226
Epoch 46, global step 12784: 'macro_auc_agg_val0' was not in top 1
epoch 46 val noagg: 0.869135075409666
epoch 46 val agg: 0.8777251788614191
Epoch 47, global step 13056: 'macro_auc_agg_val0' was not in top 1
epoch 47 val noagg: 0.874642080138219
epoch 47 val agg: 0.8834067866707755
Epoch 48, global step 13328: 'macro_auc_agg_val0' was not in top 1
epoch 48 val noagg: 0.867229206981101
epoch 48 val agg: 0.8753679948494988
Epoch 49, global step 13600: 'macro_auc_agg_val0' was not in top 1
epoch 49 val noagg: 0.8624506688335356
epoch 49 val agg: 0.8724991728752522
Epoch 50, global step 13872: 'macro_auc_agg_val0' was not in top 1
epoch 50 val noagg: 0.8542679067997195
epoch 50 val agg: 0.8655529089789111
Epoch 51, global step 14144: 'macro_auc_agg_val0' was not in top 1
epoch 51 val noagg: 0.8605508003503552
epoch 51 val agg: 0.87071101434445
Epoch 52, global step 14416: 'macro_auc_agg_val0' was not in top 1
epoch 52 val noagg: 0.865030683966571
epoch 52 val agg: 0.8748609099834215
Epoch 53, global step 14688: 'macro_auc_agg_val0' was not in top 1
epoch 53 val noagg: 0.8669320037811054
epoch 53 val agg: 0.8764344682341794
Epoch 54, global step 14960: 'macro_auc_agg_val0' was not in top 1
epoch 54 val noagg: 0.8489510728491675
epoch 54 val agg: 0.8591380563626282
Epoch 55, global step 15232: 'macro_auc_agg_val0' was not in top 1
epoch 55 val noagg: 0.8520914411980538
epoch 55 val agg: 0.861522141760687
Epoch 56, global step 15504: 'macro_auc_agg_val0' was not in top 1
epoch 56 val noagg: 0.8594301205035006
epoch 56 val agg: 0.8686438950840851
Epoch 57, global step 15776: 'macro_auc_agg_val0' was not in top 1
epoch 57 val noagg: 0.8591340644684294
epoch 57 val agg: 0.8679652528611862
Epoch 58, global step 16048: 'macro_auc_agg_val0' was not in top 1
epoch 58 val noagg: 0.8665205269875311
epoch 58 val agg: 0.8754069108009885
Epoch 59, global step 16320: 'macro_auc_agg_val0' was not in top 1
epoch 59 val noagg: 0.857676884277621
epoch 59 val agg: 0.8662736387356218
Epoch 60, global step 16592: 'macro_auc_agg_val0' was not in top 1
epoch 60 val noagg: 0.8584010471268161
epoch 60 val agg: 0.8660232661008943
Epoch 61, global step 16864: 'macro_auc_agg_val0' was not in top 1
epoch 61 val noagg: 0.8574956273206066
epoch 61 val agg: 0.8660878386877138
Epoch 62, global step 17136: 'macro_auc_agg_val0' was not in top 1
epoch 62 val noagg: 0.8540211511448985
epoch 62 val agg: 0.8624178100498985
Epoch 63, global step 17408: 'macro_auc_agg_val0' was not in top 1
epoch 63 val noagg: 0.8635423142848383
epoch 63 val agg: 0.8738964250456056
Epoch 64, global step 17680: 'macro_auc_agg_val0' was not in top 1
epoch 64 val noagg: 0.8592031909480271
epoch 64 val agg: 0.8700770630108311
Epoch 65, global step 17952: 'macro_auc_agg_val0' was not in top 1
epoch 65 val noagg: 0.8643570377436844
epoch 65 val agg: 0.8742625482530534
Epoch 66, global step 18224: 'macro_auc_agg_val0' was not in top 1
epoch 66 val noagg: 0.8663777317448301
epoch 66 val agg: 0.8750423695890736
Epoch 67, global step 18496: 'macro_auc_agg_val0' was not in top 1
epoch 67 val noagg: 0.8628887275504704
epoch 67 val agg: 0.8706606454716982
Epoch 68, global step 18768: 'macro_auc_agg_val0' was not in top 1
epoch 68 val noagg: 0.8629612606582425
epoch 68 val agg: 0.8715508864736878
Epoch 69, global step 19040: 'macro_auc_agg_val0' was not in top 1
epoch 69 val noagg: 0.8698803939809778
epoch 69 val agg: 0.8786788251519163
Epoch 70, global step 19312: 'macro_auc_agg_val0' was not in top 1
epoch 70 val noagg: 0.8639035100393341
epoch 70 val agg: 0.8733824871422857
Epoch 71, global step 19584: 'macro_auc_agg_val0' was not in top 1
epoch 71 val noagg: 0.859962598900966
epoch 71 val agg: 0.8699030115355341
Epoch 72, global step 19856: 'macro_auc_agg_val0' was not in top 1
epoch 72 val noagg: 0.8541808461878454
epoch 72 val agg: 0.8632602701240865
Epoch 73, global step 20128: 'macro_auc_agg_val0' was not in top 1
epoch 73 val noagg: 0.857583692145643
epoch 73 val agg: 0.8656776780151101
Epoch 74, global step 20400: 'macro_auc_agg_val0' was not in top 1
epoch 74 val noagg: 0.867092008178083
epoch 74 val agg: 0.8758329376642331
Epoch 75, global step 20672: 'macro_auc_agg_val0' was not in top 1
epoch 75 val noagg: 0.8596634178449558
epoch 75 val agg: 0.8696684021348747
Epoch 76, global step 20944: 'macro_auc_agg_val0' was not in top 1
epoch 76 val noagg: 0.8582637156080887
epoch 76 val agg: 0.8675755345338843
Epoch 77, global step 21216: 'macro_auc_agg_val0' was not in top 1
epoch 77 val noagg: 0.8629155071265889
epoch 77 val agg: 0.8724529705105541
Epoch 78, global step 21488: 'macro_auc_agg_val0' was not in top 1
epoch 78 val noagg: 0.8591530271604131
epoch 78 val agg: 0.8685646723050091
Epoch 79, global step 21760: 'macro_auc_agg_val0' was not in top 1
epoch 79 val noagg: 0.8592959313510061
epoch 79 val agg: 0.8692956653640802
Epoch 80, global step 22032: 'macro_auc_agg_val0' was not in top 1
epoch 80 val noagg: 0.8596282745745645
epoch 80 val agg: 0.8690351963589893
Epoch 81, global step 22304: 'macro_auc_agg_val0' was not in top 1
epoch 81 val noagg: 0.8593798905521586
epoch 81 val agg: 0.8707247706349032
Epoch 82, global step 22576: 'macro_auc_agg_val0' was not in top 1
epoch 82 val noagg: 0.8673994329917417
epoch 82 val agg: 0.8768536773981653
Epoch 83, global step 22848: 'macro_auc_agg_val0' was not in top 1
epoch 83 val noagg: 0.8576711452735266
epoch 83 val agg: 0.8675779487818537
Epoch 84, global step 23120: 'macro_auc_agg_val0' was not in top 1
epoch 84 val noagg: 0.8642531663252242
epoch 84 val agg: 0.874373540375099
Epoch 85, global step 23392: 'macro_auc_agg_val0' was not in top 1
epoch 85 val noagg: 0.8585926703954492
epoch 85 val agg: 0.867962642750025
Epoch 86, global step 23664: 'macro_auc_agg_val0' was not in top 1
epoch 86 val noagg: 0.8617713307361458
epoch 86 val agg: 0.8714935227577855
Epoch 87, global step 23936: 'macro_auc_agg_val0' was not in top 1
epoch 87 val noagg: 0.8612270360471102
epoch 87 val agg: 0.87046836309592
Epoch 88, global step 24208: 'macro_auc_agg_val0' was not in top 1
epoch 88 val noagg: 0.8542370879349779
epoch 88 val agg: 0.8639134868695311
Epoch 89, global step 24480: 'macro_auc_agg_val0' was not in top 1
epoch 89 val noagg: 0.8611072075088759
epoch 89 val agg: 0.8701794974579065
Epoch 90, global step 24752: 'macro_auc_agg_val0' was not in top 1
epoch 90 val noagg: 0.8546663201324902
epoch 90 val agg: 0.8652112381262698
Epoch 91, global step 25024: 'macro_auc_agg_val0' was not in top 1
epoch 91 val noagg: 0.8597241112844769
epoch 91 val agg: 0.867677711926058
Epoch 92, global step 25296: 'macro_auc_agg_val0' was not in top 1
epoch 92 val noagg: 0.8587620617518571
epoch 92 val agg: 0.8682270434748821
Epoch 93, global step 25568: 'macro_auc_agg_val0' was not in top 1
epoch 93 val noagg: 0.8581499036740783
epoch 93 val agg: 0.8664102210570507
Epoch 94, global step 25840: 'macro_auc_agg_val0' was not in top 1
epoch 94 val noagg: 0.8623521518961585
epoch 94 val agg: 0.8705032224926799
Epoch 95, global step 26112: 'macro_auc_agg_val0' was not in top 1
epoch 95 val noagg: 0.852632238290578
epoch 95 val agg: 0.8612737274668127
Epoch 96, global step 26384: 'macro_auc_agg_val0' was not in top 1
epoch 96 val noagg: 0.8572928201247559
epoch 96 val agg: 0.8680336243333215
Epoch 97, global step 26656: 'macro_auc_agg_val0' was not in top 1
epoch 97 val noagg: 0.8615074784526361
epoch 97 val agg: 0.871962341298695
Epoch 98, global step 26928: 'macro_auc_agg_val0' was not in top 1
epoch 98 val noagg: 0.8640997371621328
epoch 98 val agg: 0.8734521429176917
Epoch 99, global step 27200: 'macro_auc_agg_val0' was not in top 1
`Trainer.fit` stopped: `max_epochs=100` reached.
epoch 99 val noagg: 0.8577023922193787
epoch 99 val agg: 0.8657263774245945
