CUDA extension for cauchy multiplication not found. Install by going to extensions/cauchy/ and running `python setup.py install`. This should speed up end-to-end training by 10-50%
[KeOps] Compiling cuda jit compiler engine ... 
[KeOps] Warning : There were warnings or errors :
/usr/bin/ld: cannot find -lnvrtc: No such file or directory
collect2: error: ld returned 1 exit status

OK
[pyKeOps] Compiling nvrtc binder for python ... 
[KeOps] Warning : There were warnings or errors :
/usr/bin/ld: cannot find -lnvrtc: No such file or directory
collect2: error: ld returned 1 exit status

OK
CUDA extension for cauchy multiplication not found. Install by going to extensions/cauchy/ and running `python setup.py install`. This should speed up end-to-end training by 10-50%
2026/08/18 00:47:21 INFO mlflow.tracking.fluent: Experiment with name 'fm-benchmarking' does not exist. Creating a new experiment.
Using 16bit Automatic Mixed Precision (AMP)
GPU available: True (cuda), used: True
TPU available: False, using: 0 TPU cores
HPU available: False, using: 0 HPUs
You are using a CUDA device ('NVIDIA GeForce RTX 4090') that has Tensor Cores. To properly utilize them, you should set `torch.set_float32_matmul_precision('medium' | 'high')` which will trade-off precision for performance. For more details, read https://pytorch.org/docs/stable/generated/torch.set_float32_matmul_precision.html#torch.set_float32_matmul_precision
/root/autodl-tmp/ECG/environments/ecgfm_ked_195/lib/python3.13/site-packages/lightning/pytorch/callbacks/model_checkpoint.py:658: Checkpoint directory /root/autodl-tmp/ECG/formal_runs/ecgfm_ked_ptbxl_all_100e_195/output/version_0 exists and is not empty.
LOCAL_RANK: 0 - CUDA_VISIBLE_DEVICES: [0]

  | Name  | Type            | Params | Mode 
--------------------------------------------------
0 | model | EcgFmKEDWrapper | 9.7 M  | train
--------------------------------------------------
9.7 M     Trainable params
0         Non-trainable params
9.7 M     Total params
38.981    Total estimated model params size (MB)
566       Modules in train mode
0         Modules in eval mode
Namespace(data='/root/autodl-tmp/ECG/data/processed/ptb-xl/records500', epochs=100, batch_size=64, lr=0.001, weight_decay=0.001, resume='', pretrained='/root/autodl-tmp/ECG/checkpoints/ecgfm_ked/best_valid_all_increase_with_augment_epoch_3.pt', optimizer='adam', output_path='/root/autodl-tmp/ECG/formal_runs/ecgfm_ked_ptbxl_all_100e_195/output', metadata='', gpus=1, num_nodes=1, precision='16-mixed', distributed_backend=None, accumulate=1, input_size=10.0, train_head_only=False, finetune=True, linear_eval=False, lr_schedule='const', lr_num_warmup_steps=1000, discriminative_lr_factor=0.1, lr_find=False, auto_batch_size=False, auc_maximization=False, refresh_rate=0, mlflow=False, mlflow_experiment_name='fm-benchmarking', mlflow_run_name='run', fs_model=500.0, fs_data=500.0, input_channels=12, architecture='ecgfm_ked', s4_n=8, s4_h=512, s4_layers=4, s4_batchnorm=False, s4_prenorm=False, merl_backbone='resnet', modality='ecg', normalize=False, finetune_dataset='ptbxl_all', chunk_length_train=1.0, stride_fraction_train=1.0, stride_fraction_valtest=1.0, chunkify_train=False, segmentation=False, eval_only='', skip_test_after_fit=True, export_predictions=False, prediction_path='.', eval_mode='finetuning_linear', label_ratio=1, executable='main_lite_ecg', revision='')
Output directory: /root/autodl-tmp/ECG/formal_runs/ecgfm_ked_ptbxl_all_100e_195/output/version_0
Folder: /root/autodl-tmp/ECG/data/processed/ptb-xl/records500 Samples: 21799

 /root/autodl-tmp/ECG/data/processed/ptb-xl/records500
train dataset: 17418 samples
val dataset: 2183 samples
test dataset: 2198 samples
Returning layer dependent learning rate from EcgFmKEDWrapper...
Epoch 0, global step 272: 'macro_auc_agg_val0' reached 0.79778 (best 0.79778), saving model to '/root/autodl-tmp/ECG/formal_runs/ecgfm_ked_ptbxl_all_100e_195/output/version_0/best_model.ckpt' as top 1
epoch 0 val noagg: 0.7977765390140243
epoch 0 val agg: 0.7977765390140243
Epoch 1, global step 544: 'macro_auc_agg_val0' reached 0.84431 (best 0.84431), saving model to '/root/autodl-tmp/ECG/formal_runs/ecgfm_ked_ptbxl_all_100e_195/output/version_0/best_model.ckpt' as top 1
epoch 1 val noagg: 0.8443087796567067
epoch 1 val agg: 0.8443087796567067
Epoch 2, global step 816: 'macro_auc_agg_val0' reached 0.86763 (best 0.86763), saving model to '/root/autodl-tmp/ECG/formal_runs/ecgfm_ked_ptbxl_all_100e_195/output/version_0/best_model.ckpt' as top 1
epoch 2 val noagg: 0.8676320485558381
epoch 2 val agg: 0.8676320485558381
Epoch 3, global step 1088: 'macro_auc_agg_val0' reached 0.88118 (best 0.88118), saving model to '/root/autodl-tmp/ECG/formal_runs/ecgfm_ked_ptbxl_all_100e_195/output/version_0/best_model.ckpt' as top 1
epoch 3 val noagg: 0.8811759298922286
epoch 3 val agg: 0.8811759298922286
Epoch 4, global step 1360: 'macro_auc_agg_val0' reached 0.89152 (best 0.89152), saving model to '/root/autodl-tmp/ECG/formal_runs/ecgfm_ked_ptbxl_all_100e_195/output/version_0/best_model.ckpt' as top 1
epoch 4 val noagg: 0.891521620666113
epoch 4 val agg: 0.891521620666113
Epoch 5, global step 1632: 'macro_auc_agg_val0' reached 0.90104 (best 0.90104), saving model to '/root/autodl-tmp/ECG/formal_runs/ecgfm_ked_ptbxl_all_100e_195/output/version_0/best_model.ckpt' as top 1
epoch 5 val noagg: 0.9010423383235214
epoch 5 val agg: 0.9010423383235214
Epoch 6, global step 1904: 'macro_auc_agg_val0' reached 0.90634 (best 0.90634), saving model to '/root/autodl-tmp/ECG/formal_runs/ecgfm_ked_ptbxl_all_100e_195/output/version_0/best_model.ckpt' as top 1
epoch 6 val noagg: 0.9063422387105691
epoch 6 val agg: 0.9063422387105691
Epoch 7, global step 2176: 'macro_auc_agg_val0' reached 0.90661 (best 0.90661), saving model to '/root/autodl-tmp/ECG/formal_runs/ecgfm_ked_ptbxl_all_100e_195/output/version_0/best_model.ckpt' as top 1
epoch 7 val noagg: 0.906609996738333
epoch 7 val agg: 0.906609996738333
Epoch 8, global step 2448: 'macro_auc_agg_val0' reached 0.91220 (best 0.91220), saving model to '/root/autodl-tmp/ECG/formal_runs/ecgfm_ked_ptbxl_all_100e_195/output/version_0/best_model.ckpt' as top 1
epoch 8 val noagg: 0.9121985679941037
epoch 8 val agg: 0.9121985679941037
Epoch 9, global step 2720: 'macro_auc_agg_val0' was not in top 1
epoch 9 val noagg: 0.9113052738267206
epoch 9 val agg: 0.9113052738267206
Epoch 10, global step 2992: 'macro_auc_agg_val0' was not in top 1
epoch 10 val noagg: 0.9107538660188776
epoch 10 val agg: 0.9107538660188776
Epoch 11, global step 3264: 'macro_auc_agg_val0' was not in top 1
epoch 11 val noagg: 0.9096830776752959
epoch 11 val agg: 0.9096830776752959
Epoch 12, global step 3536: 'macro_auc_agg_val0' reached 0.91263 (best 0.91263), saving model to '/root/autodl-tmp/ECG/formal_runs/ecgfm_ked_ptbxl_all_100e_195/output/version_0/best_model.ckpt' as top 1
epoch 12 val noagg: 0.9126285194481031
epoch 12 val agg: 0.9126285194481031
Epoch 13, global step 3808: 'macro_auc_agg_val0' was not in top 1
epoch 13 val noagg: 0.9116123497934182
epoch 13 val agg: 0.9116123497934182
Epoch 14, global step 4080: 'macro_auc_agg_val0' was not in top 1
epoch 14 val noagg: 0.9124222122459636
epoch 14 val agg: 0.9124222122459636
Epoch 15, global step 4352: 'macro_auc_agg_val0' was not in top 1
epoch 15 val noagg: 0.9115218285096756
epoch 15 val agg: 0.9115218285096756
Epoch 16, global step 4624: 'macro_auc_agg_val0' reached 0.91333 (best 0.91333), saving model to '/root/autodl-tmp/ECG/formal_runs/ecgfm_ked_ptbxl_all_100e_195/output/version_0/best_model.ckpt' as top 1
epoch 16 val noagg: 0.9133298165220413
epoch 16 val agg: 0.9133298165220413
Epoch 17, global step 4896: 'macro_auc_agg_val0' was not in top 1
epoch 17 val noagg: 0.9044866823270968
epoch 17 val agg: 0.9044866823270968
Epoch 18, global step 5168: 'macro_auc_agg_val0' was not in top 1
epoch 18 val noagg: 0.9057855979505816
epoch 18 val agg: 0.9057855979505816
Epoch 19, global step 5440: 'macro_auc_agg_val0' was not in top 1
epoch 19 val noagg: 0.906270350884361
epoch 19 val agg: 0.906270350884361
Epoch 20, global step 5712: 'macro_auc_agg_val0' was not in top 1
epoch 20 val noagg: 0.904639555429678
epoch 20 val agg: 0.904639555429678
Epoch 21, global step 5984: 'macro_auc_agg_val0' was not in top 1
epoch 21 val noagg: 0.8982469003235285
epoch 21 val agg: 0.8982469003235285
Epoch 22, global step 6256: 'macro_auc_agg_val0' was not in top 1
epoch 22 val noagg: 0.903756674265085
epoch 22 val agg: 0.903756674265085
Epoch 23, global step 6528: 'macro_auc_agg_val0' was not in top 1
epoch 23 val noagg: 0.893491284876802
epoch 23 val agg: 0.893491284876802
Epoch 24, global step 6800: 'macro_auc_agg_val0' was not in top 1
epoch 24 val noagg: 0.9022142458961605
epoch 24 val agg: 0.9022142458961605
Epoch 25, global step 7072: 'macro_auc_agg_val0' was not in top 1
epoch 25 val noagg: 0.8953703524504805
epoch 25 val agg: 0.8953703524504805
Epoch 26, global step 7344: 'macro_auc_agg_val0' was not in top 1
epoch 26 val noagg: 0.8966556913381711
epoch 26 val agg: 0.8966556913381711
Epoch 27, global step 7616: 'macro_auc_agg_val0' was not in top 1
epoch 27 val noagg: 0.903370041750112
epoch 27 val agg: 0.903370041750112
Epoch 28, global step 7888: 'macro_auc_agg_val0' was not in top 1
epoch 28 val noagg: 0.8993231993080193
epoch 28 val agg: 0.8993231993080193
Epoch 29, global step 8160: 'macro_auc_agg_val0' was not in top 1
epoch 29 val noagg: 0.8924812630147524
epoch 29 val agg: 0.8924812630147524
Epoch 30, global step 8432: 'macro_auc_agg_val0' was not in top 1
epoch 30 val noagg: 0.8884628528464954
epoch 30 val agg: 0.8884628528464954
Epoch 31, global step 8704: 'macro_auc_agg_val0' was not in top 1
epoch 31 val noagg: 0.89538552161682
epoch 31 val agg: 0.89538552161682
Epoch 32, global step 8976: 'macro_auc_agg_val0' was not in top 1
epoch 32 val noagg: 0.8858760325409013
epoch 32 val agg: 0.8858760325409013
Epoch 33, global step 9248: 'macro_auc_agg_val0' was not in top 1
epoch 33 val noagg: 0.8835254397385649
epoch 33 val agg: 0.8835254397385649
Epoch 34, global step 9520: 'macro_auc_agg_val0' was not in top 1
epoch 34 val noagg: 0.8963645712192709
epoch 34 val agg: 0.8963645712192709
Epoch 35, global step 9792: 'macro_auc_agg_val0' was not in top 1
epoch 35 val noagg: 0.8912644913176121
epoch 35 val agg: 0.8912644913176121
Epoch 36, global step 10064: 'macro_auc_agg_val0' was not in top 1
epoch 36 val noagg: 0.8823420775335002
epoch 36 val agg: 0.8823420775335002
Epoch 37, global step 10336: 'macro_auc_agg_val0' was not in top 1
epoch 37 val noagg: 0.8814899484684414
epoch 37 val agg: 0.8814899484684414
Epoch 38, global step 10608: 'macro_auc_agg_val0' was not in top 1
epoch 38 val noagg: 0.8926079746221179
epoch 38 val agg: 0.8926079746221179
Epoch 39, global step 10880: 'macro_auc_agg_val0' was not in top 1
epoch 39 val noagg: 0.8784816789125058
epoch 39 val agg: 0.8784816789125058
Epoch 40, global step 11152: 'macro_auc_agg_val0' was not in top 1
epoch 40 val noagg: 0.8871389326095457
epoch 40 val agg: 0.8871389326095457
Epoch 41, global step 11424: 'macro_auc_agg_val0' was not in top 1
epoch 41 val noagg: 0.8761224031799887
epoch 41 val agg: 0.8761224031799887
Epoch 42, global step 11696: 'macro_auc_agg_val0' was not in top 1
epoch 42 val noagg: 0.8801715680437707
epoch 42 val agg: 0.8801715680437707
Epoch 43, global step 11968: 'macro_auc_agg_val0' was not in top 1
epoch 43 val noagg: 0.8788769494007254
epoch 43 val agg: 0.8788769494007254
Epoch 44, global step 12240: 'macro_auc_agg_val0' was not in top 1
epoch 44 val noagg: 0.8816386426313466
epoch 44 val agg: 0.8816386426313466
Epoch 45, global step 12512: 'macro_auc_agg_val0' was not in top 1
epoch 45 val noagg: 0.8874208968022187
epoch 45 val agg: 0.8874208968022187
Epoch 46, global step 12784: 'macro_auc_agg_val0' was not in top 1
epoch 46 val noagg: 0.8788942858487735
epoch 46 val agg: 0.8788942858487735
Epoch 47, global step 13056: 'macro_auc_agg_val0' was not in top 1
epoch 47 val noagg: 0.8834327068275403
epoch 47 val agg: 0.8834327068275403
Epoch 48, global step 13328: 'macro_auc_agg_val0' was not in top 1
epoch 48 val noagg: 0.8826221526662689
epoch 48 val agg: 0.8826221526662689
Epoch 49, global step 13600: 'macro_auc_agg_val0' was not in top 1
epoch 49 val noagg: 0.8780416740588378
epoch 49 val agg: 0.8780416740588378
Epoch 50, global step 13872: 'macro_auc_agg_val0' was not in top 1
epoch 50 val noagg: 0.8819802644151886
epoch 50 val agg: 0.8819802644151886
Epoch 51, global step 14144: 'macro_auc_agg_val0' was not in top 1
epoch 51 val noagg: 0.8840620085707889
epoch 51 val agg: 0.8840620085707889
Epoch 52, global step 14416: 'macro_auc_agg_val0' was not in top 1
epoch 52 val noagg: 0.8845696489621525
epoch 52 val agg: 0.8845696489621525
Epoch 53, global step 14688: 'macro_auc_agg_val0' was not in top 1
epoch 53 val noagg: 0.8810965602667592
epoch 53 val agg: 0.8810965602667592
Epoch 54, global step 14960: 'macro_auc_agg_val0' was not in top 1
epoch 54 val noagg: 0.8775818910664097
epoch 54 val agg: 0.8775818910664097
Epoch 55, global step 15232: 'macro_auc_agg_val0' was not in top 1
epoch 55 val noagg: 0.8748424667868073
epoch 55 val agg: 0.8748424667868073
Epoch 56, global step 15504: 'macro_auc_agg_val0' was not in top 1
epoch 56 val noagg: 0.8682870429374768
epoch 56 val agg: 0.8682870429374768
Epoch 57, global step 15776: 'macro_auc_agg_val0' was not in top 1
epoch 57 val noagg: 0.8695970797198826
epoch 57 val agg: 0.8695970797198826
Epoch 58, global step 16048: 'macro_auc_agg_val0' was not in top 1
epoch 58 val noagg: 0.8658911933172782
epoch 58 val agg: 0.8658911933172782
Epoch 59, global step 16320: 'macro_auc_agg_val0' was not in top 1
epoch 59 val noagg: 0.8717148653338038
epoch 59 val agg: 0.8717148653338038
Epoch 60, global step 16592: 'macro_auc_agg_val0' was not in top 1
epoch 60 val noagg: 0.8700859674776865
epoch 60 val agg: 0.8700859674776865
Epoch 61, global step 16864: 'macro_auc_agg_val0' was not in top 1
epoch 61 val noagg: 0.8683719186512991
epoch 61 val agg: 0.8683719186512991
Epoch 62, global step 17136: 'macro_auc_agg_val0' was not in top 1
epoch 62 val noagg: 0.8712467181211322
epoch 62 val agg: 0.8712467181211322
Epoch 63, global step 17408: 'macro_auc_agg_val0' was not in top 1
epoch 63 val noagg: 0.8704541482905668
epoch 63 val agg: 0.8704541482905668
Epoch 64, global step 17680: 'macro_auc_agg_val0' was not in top 1
epoch 64 val noagg: 0.8744001953800751
epoch 64 val agg: 0.8744001953800751
Epoch 65, global step 17952: 'macro_auc_agg_val0' was not in top 1
epoch 65 val noagg: 0.865748731044569
epoch 65 val agg: 0.865748731044569
Epoch 66, global step 18224: 'macro_auc_agg_val0' was not in top 1
epoch 66 val noagg: 0.8707180240369755
epoch 66 val agg: 0.8707180240369755
Epoch 67, global step 18496: 'macro_auc_agg_val0' was not in top 1
epoch 67 val noagg: 0.8664050305238723
epoch 67 val agg: 0.8664050305238723
Epoch 68, global step 18768: 'macro_auc_agg_val0' was not in top 1
epoch 68 val noagg: 0.8670390940852278
epoch 68 val agg: 0.8670390940852278
Epoch 69, global step 19040: 'macro_auc_agg_val0' was not in top 1
epoch 69 val noagg: 0.8539216354409251
epoch 69 val agg: 0.8539216354409251
Epoch 70, global step 19312: 'macro_auc_agg_val0' was not in top 1
epoch 70 val noagg: 0.8594070599994702
epoch 70 val agg: 0.8594070599994702
Epoch 71, global step 19584: 'macro_auc_agg_val0' was not in top 1
epoch 71 val noagg: 0.8641153414839791
epoch 71 val agg: 0.8641153414839791
Epoch 72, global step 19856: 'macro_auc_agg_val0' was not in top 1
epoch 72 val noagg: 0.8630639526626972
epoch 72 val agg: 0.8630639526626972
Epoch 73, global step 20128: 'macro_auc_agg_val0' was not in top 1
epoch 73 val noagg: 0.8649843679647776
epoch 73 val agg: 0.8649843679647776
Epoch 74, global step 20400: 'macro_auc_agg_val0' was not in top 1
epoch 74 val noagg: 0.8696732498435127
epoch 74 val agg: 0.8696732498435127
Epoch 75, global step 20672: 'macro_auc_agg_val0' was not in top 1
epoch 75 val noagg: 0.8580744354167197
epoch 75 val agg: 0.8580744354167197
Epoch 76, global step 20944: 'macro_auc_agg_val0' was not in top 1
epoch 76 val noagg: 0.8740539730148539
epoch 76 val agg: 0.8740539730148539
Epoch 77, global step 21216: 'macro_auc_agg_val0' was not in top 1
epoch 77 val noagg: 0.859703050948168
epoch 77 val agg: 0.859703050948168
Epoch 78, global step 21488: 'macro_auc_agg_val0' was not in top 1
epoch 78 val noagg: 0.8742772868655274
epoch 78 val agg: 0.8742772868655274
Epoch 79, global step 21760: 'macro_auc_agg_val0' was not in top 1
epoch 79 val noagg: 0.8663522552450117
epoch 79 val agg: 0.8663522552450117
Epoch 80, global step 22032: 'macro_auc_agg_val0' was not in top 1
epoch 80 val noagg: 0.8738430434233473
epoch 80 val agg: 0.8738430434233473
Epoch 81, global step 22304: 'macro_auc_agg_val0' was not in top 1
epoch 81 val noagg: 0.8607537922147942
epoch 81 val agg: 0.8607537922147942
Epoch 82, global step 22576: 'macro_auc_agg_val0' was not in top 1
epoch 82 val noagg: 0.8655607013007811
epoch 82 val agg: 0.8655607013007811
Epoch 83, global step 22848: 'macro_auc_agg_val0' was not in top 1
epoch 83 val noagg: 0.8671467667668047
epoch 83 val agg: 0.8671467667668047
Epoch 84, global step 23120: 'macro_auc_agg_val0' was not in top 1
epoch 84 val noagg: 0.8569486724469769
epoch 84 val agg: 0.8569486724469769
Epoch 85, global step 23392: 'macro_auc_agg_val0' was not in top 1
epoch 85 val noagg: 0.8677529939589935
epoch 85 val agg: 0.8677529939589935
Epoch 86, global step 23664: 'macro_auc_agg_val0' was not in top 1
epoch 86 val noagg: 0.8699716565742982
epoch 86 val agg: 0.8699716565742982
Epoch 87, global step 23936: 'macro_auc_agg_val0' was not in top 1
epoch 87 val noagg: 0.8664349757610513
epoch 87 val agg: 0.8664349757610513
Epoch 88, global step 24208: 'macro_auc_agg_val0' was not in top 1
epoch 88 val noagg: 0.8775349055292222
epoch 88 val agg: 0.8775349055292222
Epoch 89, global step 24480: 'macro_auc_agg_val0' was not in top 1
epoch 89 val noagg: 0.8738213910003109
epoch 89 val agg: 0.8738213910003109
Epoch 90, global step 24752: 'macro_auc_agg_val0' was not in top 1
epoch 90 val noagg: 0.8572977662424475
epoch 90 val agg: 0.8572977662424475
Epoch 91, global step 25024: 'macro_auc_agg_val0' was not in top 1
epoch 91 val noagg: 0.8693268424512353
epoch 91 val agg: 0.8693268424512353
Epoch 92, global step 25296: 'macro_auc_agg_val0' was not in top 1
epoch 92 val noagg: 0.8694942978036535
epoch 92 val agg: 0.8694942978036535
Epoch 93, global step 25568: 'macro_auc_agg_val0' was not in top 1
epoch 93 val noagg: 0.865949013034357
epoch 93 val agg: 0.865949013034357
Epoch 94, global step 25840: 'macro_auc_agg_val0' was not in top 1
epoch 94 val noagg: 0.8600774253314573
epoch 94 val agg: 0.8600774253314573
Epoch 95, global step 26112: 'macro_auc_agg_val0' was not in top 1
epoch 95 val noagg: 0.8651653121412778
epoch 95 val agg: 0.8651653121412778
Epoch 96, global step 26384: 'macro_auc_agg_val0' was not in top 1
epoch 96 val noagg: 0.8607502654838822
epoch 96 val agg: 0.8607502654838822
Epoch 97, global step 26656: 'macro_auc_agg_val0' was not in top 1
epoch 97 val noagg: 0.865039982758186
epoch 97 val agg: 0.865039982758186
Epoch 98, global step 26928: 'macro_auc_agg_val0' was not in top 1
epoch 98 val noagg: 0.863890287560051
epoch 98 val agg: 0.863890287560051
Epoch 99, global step 27200: 'macro_auc_agg_val0' was not in top 1
`Trainer.fit` stopped: `max_epochs=100` reached.
epoch 99 val noagg: 0.8579307110726092
epoch 99 val agg: 0.8579307110726092
