Namespace(data='/root/autodl-tmp/ECG/data/processed/ptb-xl/records500', epochs=100, batch_size=64, lr=0.001, weight_decay=0.001, resume='', pretrained='/root/autodl-tmp/ECG/checkpoints/ecg_fm/mimic_iv_ecg_physionet_pretrained.pt', optimizer='adam', output_path='/root/autodl-tmp/ECG/formal_runs/ecg_fm_ptbxl_all_formal_20260817T104823Z/output', metadata='', gpus=1, num_nodes=1, precision='16-mixed', distributed_backend=None, accumulate=1, input_size=5.0, train_head_only=False, finetune=True, linear_eval=False, lr_schedule='const', lr_num_warmup_steps=1000, discriminative_lr_factor=0.1, lr_find=False, auto_batch_size=False, auc_maximization=False, refresh_rate=0, mlflow=False, mlflow_experiment_name='fm-benchmarking', mlflow_run_name='run', fs_model=500.0, fs_data=500.0, input_channels=12, architecture='ecg_fm', s4_n=8, s4_h=512, s4_layers=4, s4_batchnorm=False, s4_prenorm=False, merl_backbone='resnet', modality='ecg', normalize=False, finetune_dataset='ptbxl_all', chunk_length_train=1.0, stride_fraction_train=1.0, stride_fraction_valtest=1.0, chunkify_train=False, segmentation=False, eval_only='', export_predictions=False, prediction_path='/root/autodl-tmp/ECG/formal_runs/ecg_fm_ptbxl_all_formal_20260817T104823Z/predictions', eval_mode='finetuning_linear', label_ratio=1, executable='main_lite_ecg', revision='')
Model path: /root/autodl-tmp/ECG/checkpoints/ecg_fm/mimic_iv_ecg_physionet_pretrained.pt
Output directory: /root/autodl-tmp/ECG/formal_runs/ecg_fm_ptbxl_all_formal_20260817T104823Z/output/version_0
2026/08/17 18:49:20 INFO mlflow.tracking.fluent: Experiment with name 'fm-benchmarking' does not exist. Creating a new experiment.
Using 16bit Automatic Mixed Precision (AMP)
GPU available: True (cuda), used: True
TPU available: False, using: 0 TPU cores
HPU available: False, using: 0 HPUs
You are using a CUDA device ('NVIDIA GeForce RTX 4080 SUPER') that has Tensor Cores. To properly utilize them, you should set `torch.set_float32_matmul_precision('medium' | 'high')` which will trade-off precision for performance. For more details, read https://pytorch.org/docs/stable/generated/torch.set_float32_matmul_precision.html#torch.set_float32_matmul_precision
/root/autodl-tmp/ECG/environments/ecg_fm_245/lib/python3.9/site-packages/lightning/pytorch/callbacks/model_checkpoint.py:751: Checkpoint directory /root/autodl-tmp/ECG/formal_runs/ecg_fm_ptbxl_all_formal_20260817T104823Z/output/version_0 exists and is not empty.
LOCAL_RANK: 0 - CUDA_VISIBLE_DEVICES: [0]
/root/autodl-tmp/ECG/environments/ecg_fm_245/lib/python3.9/site-packages/lightning/pytorch/utilities/model_summary/model_summary.py:231: Precision 16-mixed is not supported by the model summary.  Estimated model size in MB will not be accurate. Using 32 bits instead.

  | Name  | Type           | Params | Mode 
-------------------------------------------------
0 | model | ECG_FM_Wrapper | 92.3 M | train
-------------------------------------------------
92.3 M    Trainable params
0         Non-trainable params
92.3 M    Total params
369.010   Total estimated model params size (MB)
213       Modules in train mode
0         Modules in eval mode
Folder: /root/autodl-tmp/ECG/data/processed/ptb-xl/records500 Samples: 21799

 /root/autodl-tmp/ECG/data/processed/ptb-xl/records500
train dataset: 17418 samples
val dataset: 4366 samples
test dataset: 4396 samples
Returning layer dependent learning rate from ECG_FM_Wrapper...
Epoch 0, global step 272: 'macro_auc_agg_val0' reached 0.85142 (best 0.85142), saving model to '/root/autodl-tmp/ECG/formal_runs/ecg_fm_ptbxl_all_formal_20260817T104823Z/output/version_0/best_model.ckpt' as top 1
epoch 0 val noagg: 0.8492134517474296
epoch 0 val agg: 0.8514210748489486
Epoch 1, global step 544: 'macro_auc_agg_val0' reached 0.90864 (best 0.90864), saving model to '/root/autodl-tmp/ECG/formal_runs/ecg_fm_ptbxl_all_formal_20260817T104823Z/output/version_0/best_model.ckpt' as top 1
epoch 1 val noagg: 0.9056568013658374
epoch 1 val agg: 0.908636837862595
Epoch 2, global step 816: 'macro_auc_agg_val0' reached 0.92006 (best 0.92006), saving model to '/root/autodl-tmp/ECG/formal_runs/ecg_fm_ptbxl_all_formal_20260817T104823Z/output/version_0/best_model.ckpt' as top 1
epoch 2 val noagg: 0.9159322904364698
epoch 2 val agg: 0.9200579704179909
Epoch 3, global step 1088: 'macro_auc_agg_val0' reached 0.92988 (best 0.92988), saving model to '/root/autodl-tmp/ECG/formal_runs/ecg_fm_ptbxl_all_formal_20260817T104823Z/output/version_0/best_model.ckpt' as top 1
epoch 3 val noagg: 0.9260696750823062
epoch 3 val agg: 0.9298810523048302
Epoch 4, global step 1360: 'macro_auc_agg_val0' was not in top 1
epoch 4 val noagg: 0.9244670156880893
epoch 4 val agg: 0.9290304629241417
Epoch 5, global step 1632: 'macro_auc_agg_val0' was not in top 1
epoch 5 val noagg: 0.9219442726821429
epoch 5 val agg: 0.9274489416409692
Epoch 6, global step 1904: 'macro_auc_agg_val0' was not in top 1
epoch 6 val noagg: 0.9242531905597359
epoch 6 val agg: 0.9294721216633623
Epoch 7, global step 2176: 'macro_auc_agg_val0' was not in top 1
epoch 7 val noagg: 0.9171309620371421
epoch 7 val agg: 0.922811794882753
Epoch 8, global step 2448: 'macro_auc_agg_val0' was not in top 1
epoch 8 val noagg: 0.9083076001470266
epoch 8 val agg: 0.9157436735133183
Epoch 9, global step 2720: 'macro_auc_agg_val0' was not in top 1
epoch 9 val noagg: 0.9072872594116075
epoch 9 val agg: 0.9145031818888437
Epoch 10, global step 2992: 'macro_auc_agg_val0' was not in top 1
epoch 10 val noagg: 0.9055379785803382
epoch 10 val agg: 0.9122498348299372
Epoch 11, global step 3264: 'macro_auc_agg_val0' was not in top 1
epoch 11 val noagg: 0.8930522833868246
epoch 11 val agg: 0.9032781381294528
Epoch 12, global step 3536: 'macro_auc_agg_val0' was not in top 1
epoch 12 val noagg: 0.885170830980406
epoch 12 val agg: 0.8941861240724788
Epoch 13, global step 3808: 'macro_auc_agg_val0' was not in top 1
epoch 13 val noagg: 0.8821185626112343
epoch 13 val agg: 0.8927410643304928
Epoch 14, global step 4080: 'macro_auc_agg_val0' was not in top 1
epoch 14 val noagg: 0.8843549187105499
epoch 14 val agg: 0.8942866065654493
Epoch 15, global step 4352: 'macro_auc_agg_val0' was not in top 1
epoch 15 val noagg: 0.8689749496864609
epoch 15 val agg: 0.8783224295763905
Epoch 16, global step 4624: 'macro_auc_agg_val0' was not in top 1
epoch 16 val noagg: 0.8861179864475093
epoch 16 val agg: 0.8946555504890024
Epoch 17, global step 4896: 'macro_auc_agg_val0' was not in top 1
epoch 17 val noagg: 0.8646535926581398
epoch 17 val agg: 0.8759440068797826
Epoch 18, global step 5168: 'macro_auc_agg_val0' was not in top 1
epoch 18 val noagg: 0.8858973311357365
epoch 18 val agg: 0.895270435971296
Epoch 19, global step 5440: 'macro_auc_agg_val0' was not in top 1
epoch 19 val noagg: 0.8700347519768863
epoch 19 val agg: 0.8807595682847865
Epoch 20, global step 5712: 'macro_auc_agg_val0' was not in top 1
epoch 20 val noagg: 0.8595912016207299
epoch 20 val agg: 0.8712939991306824
Epoch 21, global step 5984: 'macro_auc_agg_val0' was not in top 1
epoch 21 val noagg: 0.8607646941664092
epoch 21 val agg: 0.8708618565254395
Epoch 22, global step 6256: 'macro_auc_agg_val0' was not in top 1
epoch 22 val noagg: 0.8484034999820284
epoch 22 val agg: 0.8604943005665548
Epoch 23, global step 6528: 'macro_auc_agg_val0' was not in top 1
epoch 23 val noagg: 0.8499715576199419
epoch 23 val agg: 0.8618916930101721
Epoch 24, global step 6800: 'macro_auc_agg_val0' was not in top 1
epoch 24 val noagg: 0.8591906965498406
epoch 24 val agg: 0.8722769016346305
Epoch 25, global step 7072: 'macro_auc_agg_val0' was not in top 1
epoch 25 val noagg: 0.8460666538179543
epoch 25 val agg: 0.8567760562868201
Epoch 26, global step 7344: 'macro_auc_agg_val0' was not in top 1
epoch 26 val noagg: 0.8532860440747448
epoch 26 val agg: 0.8641133006607804
Epoch 27, global step 7616: 'macro_auc_agg_val0' was not in top 1
epoch 27 val noagg: 0.8474093470916361
epoch 27 val agg: 0.8605689068488653
Epoch 28, global step 7888: 'macro_auc_agg_val0' was not in top 1
epoch 28 val noagg: 0.8431254720481544
epoch 28 val agg: 0.8559342369618352
Epoch 29, global step 8160: 'macro_auc_agg_val0' was not in top 1
epoch 29 val noagg: 0.8590870477632395
epoch 29 val agg: 0.8757579033918327
Epoch 30, global step 8432: 'macro_auc_agg_val0' was not in top 1
epoch 30 val noagg: 0.8582498573563205
epoch 30 val agg: 0.8725835549116293
Epoch 31, global step 8704: 'macro_auc_agg_val0' was not in top 1
epoch 31 val noagg: 0.8479475432686678
epoch 31 val agg: 0.8605474856080443
Epoch 32, global step 8976: 'macro_auc_agg_val0' was not in top 1
epoch 32 val noagg: 0.8485096817302242
epoch 32 val agg: 0.861781128860134
Epoch 33, global step 9248: 'macro_auc_agg_val0' was not in top 1
epoch 33 val noagg: 0.8534520278523569
epoch 33 val agg: 0.8676190429999064
Epoch 34, global step 9520: 'macro_auc_agg_val0' was not in top 1
epoch 34 val noagg: 0.8432065849268281
epoch 34 val agg: 0.854488543380114
Epoch 35, global step 9792: 'macro_auc_agg_val0' was not in top 1
epoch 35 val noagg: 0.8543200447814789
epoch 35 val agg: 0.865903345791653
Epoch 36, global step 10064: 'macro_auc_agg_val0' was not in top 1
epoch 36 val noagg: 0.8465515059771703
epoch 36 val agg: 0.8591677426501446
Epoch 37, global step 10336: 'macro_auc_agg_val0' was not in top 1
epoch 37 val noagg: 0.8468687729001797
epoch 37 val agg: 0.8614163279587922
Epoch 38, global step 10608: 'macro_auc_agg_val0' was not in top 1
epoch 38 val noagg: 0.8433697308193404
epoch 38 val agg: 0.8553924839842005
Epoch 39, global step 10880: 'macro_auc_agg_val0' was not in top 1
epoch 39 val noagg: 0.8516705346478332
epoch 39 val agg: 0.8628452091117228
Epoch 40, global step 11152: 'macro_auc_agg_val0' was not in top 1
epoch 40 val noagg: 0.8424844743370234
epoch 40 val agg: 0.8523281169099445
Epoch 41, global step 11424: 'macro_auc_agg_val0' was not in top 1
epoch 41 val noagg: 0.8383780189134946
epoch 41 val agg: 0.8501441905813997
Epoch 42, global step 11696: 'macro_auc_agg_val0' was not in top 1
epoch 42 val noagg: 0.8417516785337247
epoch 42 val agg: 0.8527330192122081
Epoch 43, global step 11968: 'macro_auc_agg_val0' was not in top 1
epoch 43 val noagg: 0.8432213539356443
epoch 43 val agg: 0.8575567312369005
Epoch 44, global step 12240: 'macro_auc_agg_val0' was not in top 1
epoch 44 val noagg: 0.8354253762854582
epoch 44 val agg: 0.8470539010802943
Epoch 45, global step 12512: 'macro_auc_agg_val0' was not in top 1
epoch 45 val noagg: 0.8428661939626404
epoch 45 val agg: 0.8568349600171684
Epoch 46, global step 12784: 'macro_auc_agg_val0' was not in top 1
epoch 46 val noagg: 0.8425006932917449
epoch 46 val agg: 0.8574173794073245
Epoch 47, global step 13056: 'macro_auc_agg_val0' was not in top 1
epoch 47 val noagg: 0.8433258298069409
epoch 47 val agg: 0.8592860718238732
Epoch 48, global step 13328: 'macro_auc_agg_val0' was not in top 1
epoch 48 val noagg: 0.8371750226646115
epoch 48 val agg: 0.8488337444154175
Epoch 49, global step 13600: 'macro_auc_agg_val0' was not in top 1
epoch 49 val noagg: 0.8423990213107457
epoch 49 val agg: 0.8571930747827307
Epoch 50, global step 13872: 'macro_auc_agg_val0' was not in top 1
epoch 50 val noagg: 0.8391157616272535
epoch 50 val agg: 0.8535805337329322
Epoch 51, global step 14144: 'macro_auc_agg_val0' was not in top 1
epoch 51 val noagg: 0.8338749117012937
epoch 51 val agg: 0.8480929147747399
Epoch 52, global step 14416: 'macro_auc_agg_val0' was not in top 1
epoch 52 val noagg: 0.8364938651393551
epoch 52 val agg: 0.8484849377045761
Epoch 53, global step 14688: 'macro_auc_agg_val0' was not in top 1
epoch 53 val noagg: 0.8322079319835938
epoch 53 val agg: 0.848923169195791
Epoch 54, global step 14960: 'macro_auc_agg_val0' was not in top 1
epoch 54 val noagg: 0.6320516222739178
epoch 54 val agg: 0.6395884299654953
Epoch 55, global step 15232: 'macro_auc_agg_val0' was not in top 1
epoch 55 val noagg: 0.7914656188293658
epoch 55 val agg: 0.7945695378688195
Epoch 56, global step 15504: 'macro_auc_agg_val0' was not in top 1
epoch 56 val noagg: 0.9029612675182984
epoch 56 val agg: 0.9100613011504427
Epoch 57, global step 15776: 'macro_auc_agg_val0' was not in top 1
epoch 57 val noagg: 0.9038490951335564
epoch 57 val agg: 0.9125806445110707
Epoch 58, global step 16048: 'macro_auc_agg_val0' was not in top 1
epoch 58 val noagg: 0.8913603437177189
epoch 58 val agg: 0.9031181815379952
Epoch 59, global step 16320: 'macro_auc_agg_val0' was not in top 1
epoch 59 val noagg: 0.8847979422705015
epoch 59 val agg: 0.8976426077041582
Epoch 60, global step 16592: 'macro_auc_agg_val0' was not in top 1
epoch 60 val noagg: 0.8725056960094503
epoch 60 val agg: 0.8849101036532842
Epoch 61, global step 16864: 'macro_auc_agg_val0' was not in top 1
epoch 61 val noagg: 0.8618374250507952
epoch 61 val agg: 0.8729909560173018
Epoch 62, global step 17136: 'macro_auc_agg_val0' was not in top 1
epoch 62 val noagg: 0.8605038428386232
epoch 62 val agg: 0.8724047500651726
Epoch 63, global step 17408: 'macro_auc_agg_val0' was not in top 1
epoch 63 val noagg: 0.8553879075967202
epoch 63 val agg: 0.8677161643513536
Epoch 64, global step 17680: 'macro_auc_agg_val0' was not in top 1
epoch 64 val noagg: 0.8520671213863589
epoch 64 val agg: 0.8638264004420085
Epoch 65, global step 17952: 'macro_auc_agg_val0' was not in top 1
epoch 65 val noagg: 0.8493286927217197
epoch 65 val agg: 0.8600836500765608
Epoch 66, global step 18224: 'macro_auc_agg_val0' was not in top 1
epoch 66 val noagg: 0.843413325786007
epoch 66 val agg: 0.8546480286919131
Epoch 67, global step 18496: 'macro_auc_agg_val0' was not in top 1
epoch 67 val noagg: 0.8478064537776473
epoch 67 val agg: 0.8596540234350724
Epoch 68, global step 18768: 'macro_auc_agg_val0' was not in top 1
epoch 68 val noagg: 0.8524185857043923
epoch 68 val agg: 0.8638946702257881
Epoch 69, global step 19040: 'macro_auc_agg_val0' was not in top 1
epoch 69 val noagg: 0.8504499451170984
epoch 69 val agg: 0.8630081552673355
Epoch 70, global step 19312: 'macro_auc_agg_val0' was not in top 1
epoch 70 val noagg: 0.8518735244522967
epoch 70 val agg: 0.866536042875304
Epoch 71, global step 19584: 'macro_auc_agg_val0' was not in top 1
epoch 71 val noagg: 0.8443626358882828
epoch 71 val agg: 0.8611585665356435
Epoch 72, global step 19856: 'macro_auc_agg_val0' was not in top 1
epoch 72 val noagg: 0.8427908539958388
epoch 72 val agg: 0.8587665743463108
Epoch 73, global step 20128: 'macro_auc_agg_val0' was not in top 1
epoch 73 val noagg: 0.8303903377306371
epoch 73 val agg: 0.8469925860782365
Epoch 74, global step 20400: 'macro_auc_agg_val0' was not in top 1
epoch 74 val noagg: 0.8277542861201028
epoch 74 val agg: 0.8424205496332631
Epoch 75, global step 20672: 'macro_auc_agg_val0' was not in top 1
epoch 75 val noagg: 0.8221895957609816
epoch 75 val agg: 0.8394040616771612
Epoch 76, global step 20944: 'macro_auc_agg_val0' was not in top 1
epoch 76 val noagg: 0.8397064222295686
epoch 76 val agg: 0.8551563716694904
Epoch 77, global step 21216: 'macro_auc_agg_val0' was not in top 1
epoch 77 val noagg: 0.8304711501315035
epoch 77 val agg: 0.8458518171451416
Epoch 78, global step 21488: 'macro_auc_agg_val0' was not in top 1
epoch 78 val noagg: 0.8331619666927977
epoch 78 val agg: 0.8460006509474713
Epoch 79, global step 21760: 'macro_auc_agg_val0' was not in top 1
epoch 79 val noagg: 0.8387684985023465
epoch 79 val agg: 0.8518503649080403
Epoch 80, global step 22032: 'macro_auc_agg_val0' was not in top 1
epoch 80 val noagg: 0.830255611424254
epoch 80 val agg: 0.8474497131059099
Epoch 81, global step 22304: 'macro_auc_agg_val0' was not in top 1
epoch 81 val noagg: 0.8307856305636327
epoch 81 val agg: 0.8419958217243806
Epoch 82, global step 22576: 'macro_auc_agg_val0' was not in top 1
epoch 82 val noagg: 0.8326084000953584
epoch 82 val agg: 0.8463424232514265
Epoch 83, global step 22848: 'macro_auc_agg_val0' was not in top 1
epoch 83 val noagg: 0.8312917486745802
epoch 83 val agg: 0.8446072408699957
Epoch 84, global step 23120: 'macro_auc_agg_val0' was not in top 1
epoch 84 val noagg: 0.8311582879531174
epoch 84 val agg: 0.8448438897138967
Epoch 85, global step 23392: 'macro_auc_agg_val0' was not in top 1
epoch 85 val noagg: 0.8316685046214127
epoch 85 val agg: 0.8448609315498661
Epoch 86, global step 23664: 'macro_auc_agg_val0' was not in top 1
epoch 86 val noagg: 0.8290497263755274
epoch 86 val agg: 0.8417906129531144
Epoch 87, global step 23936: 'macro_auc_agg_val0' was not in top 1
epoch 87 val noagg: 0.8417799941294749
epoch 87 val agg: 0.8554855940355974
Epoch 88, global step 24208: 'macro_auc_agg_val0' was not in top 1
epoch 88 val noagg: 0.83269756367462
epoch 88 val agg: 0.8487877747456769
Epoch 89, global step 24480: 'macro_auc_agg_val0' was not in top 1
epoch 89 val noagg: 0.8316995777715072
epoch 89 val agg: 0.8480952867473357
Epoch 90, global step 24752: 'macro_auc_agg_val0' was not in top 1
epoch 90 val noagg: 0.8173867200654595
epoch 90 val agg: 0.8349708284557213
Epoch 91, global step 25024: 'macro_auc_agg_val0' was not in top 1
epoch 91 val noagg: 0.8255149603038198
epoch 91 val agg: 0.8399057354163644
Epoch 92, global step 25296: 'macro_auc_agg_val0' was not in top 1
epoch 92 val noagg: 0.8357926214116038
epoch 92 val agg: 0.8499027817465975
Epoch 93, global step 25568: 'macro_auc_agg_val0' was not in top 1
epoch 93 val noagg: 0.8168261328404098
epoch 93 val agg: 0.8313275412290434
Epoch 94, global step 25840: 'macro_auc_agg_val0' was not in top 1
epoch 94 val noagg: 0.8303397761628728
epoch 94 val agg: 0.8451733032174776
Epoch 95, global step 26112: 'macro_auc_agg_val0' was not in top 1
epoch 95 val noagg: 0.8327001195499262
epoch 95 val agg: 0.8491747541075526
Epoch 96, global step 26384: 'macro_auc_agg_val0' was not in top 1
epoch 96 val noagg: 0.8254405963532065
epoch 96 val agg: 0.8441900448244467
Epoch 97, global step 26656: 'macro_auc_agg_val0' was not in top 1
epoch 97 val noagg: 0.8160562717701966
epoch 97 val agg: 0.8355971451210941
Epoch 98, global step 26928: 'macro_auc_agg_val0' was not in top 1
epoch 98 val noagg: 0.8247115979366801
epoch 98 val agg: 0.8411524777631221
Epoch 99, global step 27200: 'macro_auc_agg_val0' was not in top 1
`Trainer.fit` stopped: `max_epochs=100` reached.
epoch 99 val noagg: 0.8373056717465763
epoch 99 val agg: 0.8521402043254728
FORMAL_FIT_COMPLETED_TEST_NOT_RUN
